======================================================================
B-CLOSURE TEST — FROZEN PIPELINE
======================================================================
Pipeline hash (start): 60e6afcb6ffeeb0e...
Sources: 10
Started: 2026-08-12T18:02:17.427687
Rules: NO changes to core code or source_configs during test
======================================================================

======================================================================
B-Closure: BOJ — Bank of Japan
======================================================================
  [1/7] Fetching...
  Fetching BOJ (rss): https://www.boj.or.jp/en/rss/whatsnew.xml
  [OK] rss fetched via urllib (15226 bytes)
  Parsed 45 items from RSS feed
  Filtered to 6 relevant items
    Fetching full content: http://www.boj.or.jp/en/mopo/mpmsche_minu/opinion_2026/opi260731.pdf...
    Fetching full content: http://www.boj.or.jp/en/statistics/market/short/call/call.xlsx...
    Fetching full content: http://www.boj.or.jp/en/mopo/mpmsche_minu/minu_2026/g260616.pdf...
    Fetching full content: http://www.boj.or.jp/en/mopo/mpmdeci/mpr_2026/k260731a.pdf...
    Fetching full content: http://www.boj.or.jp/en/mopo/mpmsche_minu/m_ref/mref260731a.pdf...
    Fetching full content: http://www.boj.or.jp/en/statistics/dl/loan/yaku/yaku2606.pdf...
        ✓ 6 docs via urllib
  [2/7] Normalizing...
    [PDF] Detected PDF content, extracting text...
    [PDF] Detected PDF content, extracting text...
    [PDF] Detected PDF content, extracting text...
    [PDF] Detected PDF content, extracting text...
    [PDF] Detected PDF content, extracting text...
        ✓ 6 normalized
  [3/7] Extracting facts...
        → 12 facts
  [4/7] Detecting events...
        → 2 events
  [5/7] Evidence + Provenance...
        → 12 chains, verified=True
  [6/7] Generating IOs...
        → 2 IOs (2 good)
  [7/7] Semantic review...
        → 2 semantic errors

======================================================================
B-Closure: RBNZ — Reserve Bank of New Zealand
======================================================================
  [1/7] Fetching...
  Fetching RBNZ (rss): https://www.rbnz.govt.nz/feeds/news
  [OK] rss fetched via urllib (26849 bytes)
  Parsed 50 items from RSS feed
  Filtered to 12 relevant items
    Fetching full content: https://www.rbnz.govt.nz/news-and-events/news/2026/08/rbnz-leadership-continues-...
    [WARN] Full content fetch failed: urllib: HTTP 403: Forbidden | playwright: HTTP 403
    Fetching full content: https://www.rbnz.govt.nz/news-and-events/news/2026/07/speech-by-paul-conway...
    [WARN] Full content fetch failed: urllib: HTTP 403: Forbidden | playwright: HTTP 403
    Fetching full content: https://www.rbnz.govt.nz/news-and-events/news/2026/07/ocr-increased-to-2-50-to-r...
    [WARN] Full content fetch failed: urllib: HTTP 403: Forbidden | playwright: HTTP 403
    Fetching full content: https://www.rbnz.govt.nz/news-and-events/news/2026/05/rbnz-governor-connects-wit...
    [WARN] Full content fetch failed: urllib: HTTP 403: Forbidden | playwright: HTTP 403
    Fetching full content: https://www.rbnz.govt.nz/news-and-events/news/2026/05/ocr-held-at-2-25-percent...
    [WARN] Full content fetch failed: urllib: HTTP 403: Forbidden | playwright: HTTP 403
    Fetching full content: https://www.rbnz.govt.nz/news-and-events/news/2026/04/enhanced-monetary-policy-c...
    [WARN] Full content fetch failed: urllib: HTTP 403: Forbidden | playwright: HTTP 403
    Fetching full content: https://www.rbnz.govt.nz/news-and-events/news/2026/04/ocr-on-hold-at-2-25...
    [WARN] Full content fetch failed: urllib: HTTP 403: Forbidden | playwright: HTTP 403
    Fetching full content: https://www.rbnz.govt.nz/news-and-events/news/2026/03/expanded-april-monetary-po...
    [WARN] Full content fetch failed: urllib: HTTP 403: Forbidden | playwright: HTTP 403
    Fetching full content: https://www.rbnz.govt.nz/news-and-events/news/2026/02/monetary-policy-must-focus...
    [WARN] Full content fetch failed: urllib: HTTP 403: Forbidden | playwright: HTTP 403
    Fetching full content: https://www.rbnz.govt.nz/news-and-events/news/2026/02/ocr-on-hold-at-2-25-with-i...
    [WARN] Full content fetch failed: urllib: HTTP 403: Forbidden | playwright: HTTP 403
        ✓ 10 docs via urllib
  [2/7] Normalizing...
        ✓ 10 normalized
  [3/7] Extracting facts...
        → 0 facts
  [4/7] Detecting events...
        → 0 events

======================================================================
B-Closure: SEC — US Securities and Exchange Commission
======================================================================
  [1/7] Fetching...
  Fetching SEC (rss): https://www.sec.gov/news/pressreleases.rss
  [OK] rss fetched via urllib (17910 bytes)
  Parsed 25 items from RSS feed
  Filtered to 25 relevant items
    Fetching full content: https://www.sec.gov/newsroom/press-releases/2026-73-sec-charges-private-fund-adv...
    [WARN] Full content fetch failed: urllib: HTTP 403: Forbidden | playwright: HTTP 403
    Fetching full content: https://www.sec.gov/newsroom/press-releases/2026-72-sec-establishes-financial-re...
    [WARN] Full content fetch failed: urllib: HTTP 403: Forbidden | playwright: HTTP 403
    Fetching full content: https://www.sec.gov/newsroom/press-releases/2026-71-sec-announces-continuation-s...
    [WARN] Full content fetch failed: urllib: HTTP 403: Forbidden | playwright: HTTP 403
    Fetching full content: https://www.sec.gov/newsroom/press-releases/2026-70-small-business-forums-report...
    [WARN] Full content fetch failed: urllib: HTTP 403: Forbidden | playwright: HTTP 403
    Fetching full content: https://www.sec.gov/newsroom/press-releases/2026-69-sec-announces-roundtable-pre...
    [WARN] Full content fetch failed: urllib: HTTP 403: Forbidden | playwright: HTTP 403
    Fetching full content: https://www.sec.gov/newsroom/press-releases/2026-68-sec-announces-departure-prin...
    [WARN] Full content fetch failed: urllib: HTTP 403: Forbidden | playwright: HTTP 403
    Fetching full content: https://www.sec.gov/newsroom/press-releases/2026-67-sec-proposes-new-e-delivery-...
    [WARN] Full content fetch failed: urllib: HTTP 403: Forbidden | playwright: HTTP 403
    Fetching full content: https://www.sec.gov/newsroom/press-releases/2026-66-sec-office-municipal-securit...
    [WARN] Full content fetch failed: urllib: HTTP 403: Forbidden | playwright: HTTP 403
    Fetching full content: https://www.sec.gov/newsroom/press-releases/2026-65-sec-host-virtual-roundtable-...
    [WARN] Full content fetch failed: urllib: HTTP 403: Forbidden | playwright: HTTP 403
    Fetching full content: https://www.sec.gov/newsroom/press-releases/2026-64-sec-small-business-advisory-...
    [WARN] Full content fetch failed: urllib: HTTP 403: Forbidden | playwright: HTTP 403
        ✓ 10 docs via urllib
  [2/7] Normalizing...
        ✓ 10 normalized
  [3/7] Extracting facts...
        → 1 facts
  [4/7] Detecting events...
        → 1 events
  [5/7] Evidence + Provenance...
        → 1 chains, verified=True
  [6/7] Generating IOs...
        → 1 IOs (1 good)
  [7/7] Semantic review...
        → 0 semantic errors

======================================================================
B-Closure: FCA — UK Financial Conduct Authority
======================================================================
  [1/7] Fetching...
  Fetching FCA (rss): https://www.fca.org.uk/news/rss.xml
  [OK] rss fetched via urllib (63695 bytes)
  Parsed 20 items from RSS feed
  Filtered to 20 relevant items
    Fetching full content: https://www.fca.org.uk/news/press-releases/fca-boosts-support-innovative-firms-s...
    Fetching full content: https://www.fca.org.uk/news/statements/fca-applying-increased-scrutiny-annex-1-f...
    Fetching full content: https://www.fca.org.uk/news/blogs/making-compliance-simpler-opening-fca-handbook...
    Fetching full content: https://www.fca.org.uk/news/press-releases/fca-simplifies-ipo-rules-support-uk-l...
    Fetching full content: https://www.fca.org.uk/news/press-releases/tribunal-upholds-fca-ban-pair-pension...
    Fetching full content: https://www.fca.org.uk/news/press-releases/fca-finalises-rules-cut-firms-transac...
    Fetching full content: https://www.fca.org.uk/news/press-releases/fca-advances-package-equity-market-tr...
    Fetching full content: https://www.fca.org.uk/news/press-releases/trial-date-set-individual-charged-ill...
    Fetching full content: https://www.fca.org.uk/news/news-stories/blue-motor-finance-limited-enters-admin...
    Fetching full content: https://www.fca.org.uk/news/press-releases/fca-censures-equity-growth-securities...
        ✓ 10 docs via urllib
  [2/7] Normalizing...
        ✓ 10 normalized
  [3/7] Extracting facts...
        → 3 facts
  [4/7] Detecting events...
        → 1 events
  [5/7] Evidence + Provenance...
        → 3 chains, verified=True
  [6/7] Generating IOs...
        → 1 IOs (1 good)
  [7/7] Semantic review...
        → 1 semantic errors

======================================================================
B-Closure: ONS — UK Office for National Statistics
======================================================================
  [1/7] Fetching...
  Fetching ONS (rss): https://www.ons.gov.uk/releasecalendar?rss&highlight=true&limit=10&page=1&release-type=type-published&sort=date-newest
  [OK] rss fetched via urllib (6268 bytes)
  Parsed 10 items from RSS feed
  Filtered to 5 relevant items
    Fetching full content: https://www.ons.gov.uk/releases/theimpactofemploymentadvisorsinnhstalkingtherapi...
    Fetching full content: https://www.ons.gov.uk/releases/uktradeinservicesasymmetriesbypartnercountryands...
    Fetching full content: https://www.ons.gov.uk/releases/publicserviceproductivityquarterlyukjanuarytomar...
    Fetching full content: https://www.ons.gov.uk/releases/grossdomesticexpenditureonresearchanddevelopment...
    Fetching full content: https://www.ons.gov.uk/releases/economicactivityandsocialchangeintheukrealtimein...
        ✓ 5 docs via urllib
  [2/7] Normalizing...
        ✓ 5 normalized
  [3/7] Extracting facts...
        → 0 facts
  [4/7] Detecting events...
        → 0 events

======================================================================
B-Closure: BIS_STATS — BIS Statistical Releases
======================================================================
  [1/7] Fetching...
  Fetching BIS_STATS (rss): https://www.bis.org/doclist/all_statistics.rss
  [OK] rss fetched via urllib (36143 bytes)
  Parsed 25 items from RSS feed
  Filtered to 21 relevant items
    Fetching full content: https://www.bis.org/statistics/gli2607.htm...
    Fetching full content: https://www.bis.org/statistics/rppb2607.htm...
    Fetching full content: https://www.bis.org/statistics/pp_residential_2605.htm...
    Fetching full content: https://www.bis.org/statistics/gli2604.htm...
    Fetching full content: https://www.bis.org/statistics/rppb2604.htm...
    Fetching full content: https://www.bis.org/statistics/pp_residential_2602.htm...
    Fetching full content: https://www.bis.org/statistics/gli2601.htm...
    Fetching full content: https://www.bis.org/statistics/rppb2601.htm...
    Fetching full content: https://www.bis.org/publ/otc_hy2512.htm...
    Fetching full content: https://www.bis.org/statistics/pp_residential_2511.htm...
        ✓ 10 docs via urllib
  [2/7] Normalizing...
        ✓ 10 normalized
  [3/7] Extracting facts...
        → 91 facts
  [4/7] Detecting events...
        → 7 events
  [5/7] Evidence + Provenance...
        → 91 chains, verified=True
  [6/7] Generating IOs...
        → 7 IOs (7 good)
  [7/7] Semantic review...
        → 0 semantic errors

======================================================================
B-Closure: APPLE — Apple Inc. Newsroom
======================================================================
  [1/7] Fetching...
  Fetching APPLE (rss): https://www.apple.com/newsroom/rss-feed.rss
  [OK] rss fetched via urllib (18182 bytes)
  Parsed 20 items from RSS feed
  Filtered to 20 relevant items
    Fetching full content: https://www.apple.com/newsroom/2026/08/apple-arcade-levels-up-with-block-blast-p...
    Fetching full content: https://www.apple.com/newsroom/2026/08/apple-mlb-announce-september-friday-night...
    Fetching full content: https://www.apple.com/newsroom/2026/08/leagues-cup-kicks-off-tomorrow-august-4-o...
    Fetching full content: https://www.apple.com/newsroom/2026/07/apple-reports-third-quarter-results/...
    Fetching full content: https://www.apple.com/newsroom/2026/07/apple-upgrade-launches-in-the-united-stat...
    Fetching full content: https://www.apple.com/newsroom/2026/07/apple-maps-to-power-navigation-experience...
    Fetching full content: https://www.apple.com/newsroom/2026/07/major-league-soccer-returns-to-apple-tv-t...
    Fetching full content: https://www.apple.com/newsroom/2026/07/madden-nfl-27-arcade-edition-brings-gridi...
    Fetching full content: https://www.apple.com/newsroom/2026/07/apple-and-major-league-baseball-announce-...
    Fetching full content: https://www.apple.com/newsroom/2026/07/apple-scores-record-89-emmy-award-nominat...
        ✓ 10 docs via urllib
  [2/7] Normalizing...
        ✓ 10 normalized
  [3/7] Extracting facts...
        → 3 facts
  [4/7] Detecting events...
        → 1 events
  [5/7] Evidence + Provenance...
        → 3 chains, verified=True
  [6/7] Generating IOs...
        → 1 IOs (1 good)
  [7/7] Semantic review...
        → 0 semantic errors

======================================================================
B-Closure: ARAMCO — Saudi Aramco Investor Relations
======================================================================
  [1/7] Fetching...
  Fetching ARAMCO (rss): https://www.aramco.com/en/news-and-events
  [BLOCKED] Source ARAMCO is access_blocked: urllib: HTTP 403: Forbidden | playwright: HTTP 403
        ⊘ BLOCKED

======================================================================
B-Closure: OFAC — US Treasury OFAC Recent Actions
======================================================================
  [1/7] Fetching...
  Fetching OFAC (html_index): https://ofac.treasury.gov/recent-actions
  [OK] html_index fetched via urllib (44479 bytes)
  Parsed 10 document URLs from HTML index
  Filtered to 10 relevant items
    Fetching full content: https://ofac.treasury.gov/recent-actions/20260812...
    Fetching full content: https://ofac.treasury.gov/recent-actions/20260807...
    Fetching full content: https://ofac.treasury.gov/recent-actions/20260806...
    Fetching full content: https://ofac.treasury.gov/recent-actions/20260805...
    Fetching full content: https://ofac.treasury.gov/recent-actions/20260803...
    Fetching full content: https://ofac.treasury.gov/recent-actions/20260730...
    Fetching full content: https://ofac.treasury.gov/recent-actions/20260729...
    Fetching full content: https://ofac.treasury.gov/recent-actions/20260727...
    Fetching full content: https://ofac.treasury.gov/recent-actions/20260724...
    Fetching full content: https://ofac.treasury.gov/recent-actions/20260723...
        ✓ 10 docs via urllib
  [2/7] Normalizing...
        ✓ 10 normalized
  [3/7] Extracting facts...
        → 625 facts
  [4/7] Detecting events...
        → 8 events
  [5/7] Evidence + Provenance...
        → 625 chains, verified=True
  [6/7] Generating IOs...
        → 8 IOs (8 good)
  [7/7] Semantic review...
        → 0 semantic errors

======================================================================
B-Closure: BIS_QR — BIS Quarterly Review
======================================================================
  [1/7] Fetching...
  Fetching BIS_QR (pdf): https://www.bis.org/publ/qtrpdf/r_qt2606.pdf
  [OK] pdf fetched via urllib (1863676 bytes)
  Created 1 PDF document
        ✓ 1 docs via urllib
  [2/7] Normalizing...
    [PDF] Detected PDF content, extracting text...
        ✓ 1 normalized
  [3/7] Extracting facts...
        → 24 facts
  [4/7] Detecting events...
        → 1 events
  [5/7] Evidence + Provenance...
        → 24 chains, verified=True
  [6/7] Generating IOs...
        → 1 IOs (1 good)
  [7/7] Semantic review...
        → 0 semantic errors

======================================================================
B-CLOSURE SUMMARY
======================================================================
Pipeline frozen during test: ✓ YES

Source       Class                  State          1stAttempt  Facts  IOs  SemErr  Repro  Time(s)
----------------------------------------------------------------------------------------------------
BOJ          central_bank           PUBLISHABLE          PASS     12    2       2   PASS     6.71
RBNZ         central_bank           DOCUMENTED           FAIL      0    0       0   FAIL     6.32
SEC          financial_regulator    PUBLISHABLE          PASS      1    1       0   PASS     5.53
FCA          financial_regulator    PUBLISHABLE          PASS      3    1       1   PASS     6.37
ONS          statistical_authority  DOCUMENTED           FAIL      0    0       0   FAIL     2.27
BIS_STATS    statistical_authority  PUBLISHABLE          PASS     91    7       0   PASS     11.6
APPLE        corporate_ir           PUBLISHABLE          PASS      3    1       0   PASS     9.17
ARAMCO       corporate_ir           BLOCKED              FAIL      0    0       0   FAIL     0.63
OFAC         government_regulatory  PUBLISHABLE          PASS    625    8       0   PASS      4.1
BIS_QR       pdf_heavy              PUBLISHABLE          PASS     24    1       0   PASS     6.88

======================================================================
B-CLOSURE METRICS
======================================================================

1. Pipeline Generalization (denominator = 10)
   PUBLISHABLE:           7/10 = 70%
   BLOCKED:               1/10 = 10%
   Accessible but failed: 2/10
   First-attempt PASS:    7/10 = 70%

2. Onboarding Economics
   Config-only on first attempt: 7/10 = 70%
   Generic engineering required:  0 (pipeline frozen)
   Source-specific engineering:   0 (verified)

   Onboarding time estimate (based on config pattern count):
     BOJ: ~65 min (10 patterns)
     RBNZ: ~40 min (5 patterns)
     SEC: ~45 min (6 patterns)
     FCA: ~45 min (6 patterns)
     ONS: ~45 min (6 patterns)
     BIS_STATS: ~40 min (5 patterns)
     APPLE: ~55 min (8 patterns)
     ARAMCO: ~45 min (6 patterns)
     OFAC: ~40 min (5 patterns)
     BIS_QR: ~45 min (6 patterns)
   P50 onboarding time: ~45 min
   P90 onboarding time: ~65 min

3. Intelligence Quality
   Total semantic errors: 3
   Sources with 0 semantic errors: 5/10
   Provenance verified: 7/10
   Reproducibility PASS: 7/10 = 70%

   Semantic error details:
     [BOJ]
       • MIXED_DECISIONS — 4 rate_decision facts with 3 distinct values: {'maintain', 'hike', 'action'}. IO mixes primary decision with dissent/alternative without role separation.
       • MIXED_DECISIONS — 8 rate_decision facts with 3 distinct values: {'maintain', 'hike', 'action'}. IO mixes primary decision with dissent/alternative without role separation.
     [FCA]
       • DEFENDANT_FRAGMENT — defendant_name='benefit pension schemes between...' contains lowercase connector. Likely paragraph fragment.

======================================================================
GATE B VERDICT (Revised Criteria)
======================================================================

Criteria (GREEN requires ALL):
  ≥80% accessible/publishable:     7/10 = 70%  ✗
  ≥80% config-only on first attempt: 7/10 = 70%  ✗
  0 source-specific code:           ✓ (verified)
  0 critical semantic errors:       3 errors  ✗
  ≥95% provenance completeness:     70%  ✗
  100% reproducibility:             70%  ✗
  P90 ≤4h:                          ~65 min  ✓
  No generic engineering during test: ✓

  GATE B: YELLOW
  → Architecture promising but not productized. Remediation required.
  → Do NOT proceed to Phase C. Define Supported Source Contract.

Results saved: /home/z/my-project/scripts/pipeline/output/b_closure_results.json
