======================================================================
ESMA HTML ADAPTER VALIDATION — FIRST ATTEMPT
======================================================================
Source: ESMA_HTML — European Securities and Markets Authority (HTML)
Feed format: html_index
Start: 2026-08-12T22:58:27.923992

[1/7] Fetching via HTML adapter...
  Fetching ESMA_HTML (html_index): https://www.esma.europa.eu/press-news/esma-news
  [OK] html_index fetched via urllib (95392 bytes)
  Parsed 10 document URLs from HTML index
  Filtered to 10 relevant items
    Fetching full content: https://www.esma.europa.eu/press-news/esma-news/eba-eiopa-and-esma-propose-amend...
    Fetching full content: https://www.esma.europa.eu/press-news/esma-news/eba-eiopa-and-esma-call-enhanced...
    Fetching full content: https://www.esma.europa.eu/press-news/esma-news/esma-publishes-latest-edition-it...
    Fetching full content: https://www.esma.europa.eu/press-news/esma-news/esma-authorises-euroctp-consolid...
    Fetching full content: https://www.esma.europa.eu/press-news/esma-news/esma-calls-firms-finalise-prepar...
    Fetching full content: https://www.esma.europa.eu/press-news/esma-news/esma-publishes-report-cross-bord...
    Fetching full content: https://www.esma.europa.eu/press-news/esma-news/joint-board-appeal-dismisses-app...
    Fetching full content: https://www.esma.europa.eu/press-news/esma-news/esma-launches-data-collection-un...
    Fetching full content: https://www.esma.europa.eu/press-news/esma-news/new-qas-available-July-2026...
    Fetching full content: https://www.esma.europa.eu/press-news/esma-news/esma-publishes-first-market-capi...
  ✓ 10 docs via urllib
  Dates: 0 found, 10 empty
[2/7] Normalizing...
  ✓ 10 normalized
[3/7] Extracting facts...
  → 122 facts
[4/7] Detecting events...
  → 10 events
[5/7] Evidence + Provenance...
  → 122 chains, verified=False
[6/7] Generating IOs...
  → 10 IOs (0 publishable)
[7/7] Reproducibility...
  ✓ PASS

======================================================================
FIRST ATTEMPT RESULTS
======================================================================
  source: ESMA_HTML
  source_class: financial_regulator
  feed_format: html_index
  first_attempt_config_only: FAIL
  core_intervention: 0
  source_specific_code: 0
  iterations: 1
  human_config_time_minutes: 4
  pipeline_runtime_seconds: 9.68
  documents_fetched: 10
  documents_normalized: 10
  facts: 122
  events: 10
  evidence_chains: 122
  ios: 10
  publishable: 0
  provenance_percent: 0
  reproducibility: PASS
  semantic_errors: 0
  pipeline_state: GOVERNED
  document_dates_found: 0
  document_dates_empty: 10

=== IO SAMPLES ===
  IO 1: European Securities and Markets Authority (HTML) Regulatory Enforcement Action
    summary: Action: Propose | Penalty: $8 billion | Source: European Securities and Markets Authority (HTML)
    confidence: 1.0, facts: 22
    provenance_complete: False, document_date: ''
  IO 2: European Securities and Markets Authority (HTML) Regulatory Enforcement Action
    summary: Action: published | Source: European Securities and Markets Authority (HTML)
    confidence: 0.9, facts: 6
    provenance_complete: False, document_date: ''
  IO 3: European Securities and Markets Authority (HTML) Regulatory Enforcement Action
    summary: Action: Publishes | Penalty: $1 billion | Source: European Securities and Markets Authority (HTML)
    confidence: 1.0, facts: 26
    provenance_complete: False, document_date: ''

Results saved
