======================================================================
PHASE 2A — ESMA FIRST ATTEMPT
======================================================================
Source: ESMA — European Securities and Markets Authority
Class: financial_regulator
Start: 2026-08-12T22:15:19.894220

[1/7] Fetching...
  Fetching ESMA (rss): https://www.esma.europa.eu/rss.xml
  [OK] rss fetched via urllib (55224 bytes)
  Parsed 10 items from RSS feed
  Filtered to 10 relevant items
    Fetching full content: https://www.esma.europa.eu/press-news/esma-news/eba-eiopa-and-esma-propose-amend...
    Fetching full content: https://www.esma.europa.eu/press-news/esma-news/eba-eiopa-and-esma-call-enhanced...
    Fetching full content: https://www.esma.europa.eu/press-news/esma-news/esma-publishes-latest-edition-it...
    Fetching full content: https://www.esma.europa.eu/press-news/esma-news/esma-authorises-euroctp-consolid...
    Fetching full content: https://www.esma.europa.eu/press-news/esma-news/esma-calls-firms-finalise-prepar...
    Fetching full content: https://www.esma.europa.eu/press-news/esma-news/esma-publishes-report-cross-bord...
    Fetching full content: https://www.esma.europa.eu/press-news/esma-news/joint-board-appeal-dismisses-app...
    Fetching full content: https://www.esma.europa.eu/press-news/esma-news/esma-launches-data-collection-un...
    Fetching full content: https://www.esma.europa.eu/press-news/esma-news/new-qas-available-July-2026...
    Fetching full content: https://www.esma.europa.eu/press-news/esma-news/esma-publishes-first-market-capi...
  ✓ 10 docs via urllib
[2/7] Normalizing...
  ✓ 10 normalized
[3/7] Extracting facts...
  → 122 facts
[4/7] Detecting events...
  → 10 events
[5/7] Evidence + Provenance...
  → 122 chains, verified=False
[6/7] Generating IOs...
  → 10 IOs (0 publishable)
[7/7] Reproducibility...
  ✓ PASS

======================================================================
FIRST ATTEMPT RESULTS
======================================================================
  source: ESMA
  source_class: financial_regulator
  first_attempt_config_only: FAIL
  core_intervention: 0
  source_specific_code: 0
  iterations: 1
  human_config_time_minutes: 3
  pipeline_runtime_seconds: 9.6
  documents_fetched: 10
  documents_normalized: 10
  facts: 122
  events: 10
  evidence_chains: 122
  ios: 10
  publishable: 0
  provenance_percent: 0
  reproducibility: PASS
  semantic_errors: 0
  pipeline_state: GOVERNED

=== IO SAMPLES ===
  IO 1: European Securities and Markets Authority Regulatory Enforcement Action
    summary: Action: Propose | Penalty: $8 billion | Source: European Securities and Markets Authority
    confidence: 1.0, facts: 22, prov: False
  IO 2: European Securities and Markets Authority Regulatory Enforcement Action
    summary: Action: published | Source: European Securities and Markets Authority
    confidence: 0.9, facts: 6, prov: False
  IO 3: European Securities and Markets Authority Regulatory Enforcement Action
    summary: Action: Publishes | Penalty: $1 billion | Source: European Securities and Markets Authority
    confidence: 1.0, facts: 26, prov: False

Results saved
